// Jest Snapshot v1, https://goo.gl/fbAQLP

exports[`boolean parser parses basic options 1`] = `
{
  "bool": true,
  "defaultBool": true,
  "env": "local",
  "namedBool": true,
  "od": false,
  "optionalBool": undefined,
}
`;
