// Jest Snapshot v1, https://goo.gl/fbAQLP

exports[`enum parser fails if environment does not match the enum 1`] = `
EnvironmentInitializationFailed {
  "errors": [
    {
      "error": "Value of 'fail' (FAIL) should be one of [valid, ok]",
    },
  ],
}
`;

exports[`enum parser parses with array definition 1`] = `
{
  "defaultEnum": "valid",
  "enum": "valid",
  "env": "local",
  "namedEnum": "valid",
  "od": "ok",
  "optionalEnum": undefined,
}
`;

exports[`enum parser parses with enum definition 1`] = `
{
  "defaultEnum": "valid",
  "enum": "valid",
  "env": "local",
  "namedEnum": "valid",
  "od": "ok",
  "optionalEnum": undefined,
}
`;
