// Jest Snapshot v1, https://goo.gl/fbAQLP

exports[`number parser Fails on invalid number 1`] = `
EnvironmentInitializationFailed {
  "errors": [
    {
      "error": "Value of 'num' (NUM) should be a number",
    },
  ],
}
`;

exports[`number parser parses basic options 1`] = `
{
  "defaultNum": 3,
  "env": "local",
  "namedNum": 2,
  "num": 2,
  "od": 1,
  "optionalNum": undefined,
}
`;
