// Jest Snapshot v1, https://goo.gl/fbAQLP

exports[`string parser parses basic options 1`] = `
{
  "defaultStr": "default",
  "env": "local",
  "namedStr": "str",
  "od": "overriden",
  "optionalStr": undefined,
  "str": "str",
}
`;
